###############################################################################
#
# IAR ELF Linker V7.50.2.10312/W32 for ARM                03/May/2018  15:04:40
# Copyright 2007-2015 IAR Systems AB.
#
#    Output file  =  
#        D:\Documents\STM32F4 Projects\RS485\EWARM\RS485\Exe\RS485.out
#    Map file     =  
#        D:\Documents\STM32F4 Projects\RS485\EWARM\RS485\List\RS485.map
#    Command line =  
#        "D:\Documents\STM32F4 Projects\RS485\EWARM\RS485\Obj\crc.o"
#        "D:\Documents\STM32F4 Projects\RS485\EWARM\RS485\Obj\main.o"
#        "D:\Documents\STM32F4
#        Projects\RS485\EWARM\RS485\Obj\startup_stm32f411xe.o"
#        "D:\Documents\STM32F4 Projects\RS485\EWARM\RS485\Obj\stm32f4xx_hal.o"
#        "D:\Documents\STM32F4
#        Projects\RS485\EWARM\RS485\Obj\stm32f4xx_hal_cortex.o"
#        "D:\Documents\STM32F4
#        Projects\RS485\EWARM\RS485\Obj\stm32f4xx_hal_dma.o"
#        "D:\Documents\STM32F4
#        Projects\RS485\EWARM\RS485\Obj\stm32f4xx_hal_dma_ex.o"
#        "D:\Documents\STM32F4
#        Projects\RS485\EWARM\RS485\Obj\stm32f4xx_hal_flash.o"
#        "D:\Documents\STM32F4
#        Projects\RS485\EWARM\RS485\Obj\stm32f4xx_hal_flash_ex.o"
#        "D:\Documents\STM32F4
#        Projects\RS485\EWARM\RS485\Obj\stm32f4xx_hal_flash_ramfunc.o"
#        "D:\Documents\STM32F4
#        Projects\RS485\EWARM\RS485\Obj\stm32f4xx_hal_gpio.o"
#        "D:\Documents\STM32F4
#        Projects\RS485\EWARM\RS485\Obj\stm32f4xx_hal_msp.o"
#        "D:\Documents\STM32F4
#        Projects\RS485\EWARM\RS485\Obj\stm32f4xx_hal_pwr.o"
#        "D:\Documents\STM32F4
#        Projects\RS485\EWARM\RS485\Obj\stm32f4xx_hal_pwr_ex.o"
#        "D:\Documents\STM32F4
#        Projects\RS485\EWARM\RS485\Obj\stm32f4xx_hal_rcc.o"
#        "D:\Documents\STM32F4
#        Projects\RS485\EWARM\RS485\Obj\stm32f4xx_hal_rcc_ex.o"
#        "D:\Documents\STM32F4
#        Projects\RS485\EWARM\RS485\Obj\stm32f4xx_hal_tim.o"
#        "D:\Documents\STM32F4
#        Projects\RS485\EWARM\RS485\Obj\stm32f4xx_hal_tim_ex.o"
#        "D:\Documents\STM32F4
#        Projects\RS485\EWARM\RS485\Obj\stm32f4xx_hal_uart.o"
#        "D:\Documents\STM32F4 Projects\RS485\EWARM\RS485\Obj\stm32f4xx_it.o"
#        "D:\Documents\STM32F4
#        Projects\RS485\EWARM\RS485\Obj\system_stm32f4xx.o" --redirect
#        _Printf=_PrintfFull --redirect _Scanf=_ScanfFull -o
#        "D:\Documents\STM32F4 Projects\RS485\EWARM\RS485\Exe\RS485.out" --map
#        "D:\Documents\STM32F4 Projects\RS485\EWARM\RS485\List\RS485.map"
#        --config "D:\Documents\STM32F4
#        Projects\RS485\EWARM/stm32f411xe_flash.icf" --semihosting --entry
#        __iar_program_start --vfe
#
###############################################################################

*******************************************************************************
*** RUNTIME MODEL ATTRIBUTES
***

CppFlavor       = *
__SystemLibrary = DLib


*******************************************************************************
*** PLACEMENT SUMMARY
***

"A1":  place at 0x08000000 { ro section .intvec };
"P1":  place in [from 0x08000000 to 0x0807ffff] { ro };
"P2":  place in [from 0x20000000 to 0x2001ffff] { rw, block CSTACK, block HEAP };

  Section            Kind        Address    Size  Object
  -------            ----        -------    ----  ------
"A1":                                      0x198
  .intvec            ro code  0x08000000   0x198  startup_stm32f411xe.o [1]
                            - 0x08000198   0x198

"P1":                                     0x1129
  .text              ro code  0x08000198   0x45c  stm32f4xx_hal_rcc.o [1]
  .text              ro code  0x080005f4    0xac  stm32f4xx_hal.o [1]
  .text              ro code  0x080006a0    0xee  I64DivMod.o [5]
  .text              ro code  0x08000790    0xca  stm32f4xx_hal_cortex.o [1]
  .text              ro code  0x0800085c    0xb4  stm32f4xx_hal_msp.o [1]
  .text              ro code  0x08000910     0x2  I64DivZer.o [5]
  .text              ro code  0x08000914   0x1c8  stm32f4xx_hal_gpio.o [1]
  .text              ro code  0x08000adc   0x306  stm32f4xx_hal_uart.o [1]
  .text              ro code  0x08000de4   0x1b0  main.o [1]
  .text              ro code  0x08000f94    0x56  ABImemcpy_unaligned.o [5]
  .text              ro code  0x08000fec    0x36  strlen.o [5]
  .text              ro code  0x08001022    0x30  crc.o [1]
  .text              ro code  0x08001054    0x60  system_stm32f4xx.o [1]
  .text              ro code  0x080010b4    0x38  packbits_init_single.o [5]
  .text              ro code  0x080010ec    0x28  data_init.o [5]
  .text              ro code  0x08001114    0x22  fpinit_M.o [4]
  .iar.init_table    const    0x08001138    0x10  - Linker created -
  .text              ro code  0x08001148    0x1e  stm32f4xx_it.o [1]
  .text              ro code  0x08001168    0x1a  cmain.o [5]
  .text              ro code  0x08001182     0x4  low_level_init.o [3]
  .text              ro code  0x08001186     0x4  exit.o [3]
  .text              ro code  0x0800118c     0xa  cexit.o [5]
  .text              ro code  0x08001198    0x14  exit.o [6]
  .text              ro code  0x080011ac    0x10  startup_stm32f411xe.o [1]
  .text              ro code  0x080011bc     0xc  cstartup_M.o [5]
  .rodata            const    0x080011c8     0x8  system_stm32f4xx.o [1]
  .text              ro code  0x080011d0     0x4  startup_stm32f411xe.o [1]
  .text              ro code  0x080011d4     0x4  startup_stm32f411xe.o [1]
  .text              ro code  0x080011d8     0x4  startup_stm32f411xe.o [1]
  .text              ro code  0x080011dc     0x4  startup_stm32f411xe.o [1]
  .text              ro code  0x080011e0     0x4  startup_stm32f411xe.o [1]
  .text              ro code  0x080011e4     0x4  startup_stm32f411xe.o [1]
  .text              ro code  0x080011e8     0x4  startup_stm32f411xe.o [1]
  .text              ro code  0x080011ec     0x4  startup_stm32f411xe.o [1]
  .text              ro code  0x080011f0     0x4  startup_stm32f411xe.o [1]
  .text              ro code  0x080011f4     0x4  startup_stm32f411xe.o [1]
  .text              ro code  0x080011f8     0x4  startup_stm32f411xe.o [1]
  .text              ro code  0x080011fc     0x4  startup_stm32f411xe.o [1]
  .text              ro code  0x08001200     0x4  startup_stm32f411xe.o [1]
  .text              ro code  0x08001204     0x4  startup_stm32f411xe.o [1]
  .text              ro code  0x08001208     0x4  startup_stm32f411xe.o [1]
  .text              ro code  0x0800120c     0x4  startup_stm32f411xe.o [1]
  .text              ro code  0x08001210     0x4  startup_stm32f411xe.o [1]
  .text              ro code  0x08001214     0x4  startup_stm32f411xe.o [1]
  .text              ro code  0x08001218     0x4  startup_stm32f411xe.o [1]
  .text              ro code  0x0800121c     0x4  startup_stm32f411xe.o [1]
  .text              ro code  0x08001220     0x4  startup_stm32f411xe.o [1]
  .text              ro code  0x08001224     0x4  startup_stm32f411xe.o [1]
  .text              ro code  0x08001228     0x4  startup_stm32f411xe.o [1]
  .text              ro code  0x0800122c     0x4  startup_stm32f411xe.o [1]
  .text              ro code  0x08001230     0x4  startup_stm32f411xe.o [1]
  .text              ro code  0x08001234     0x4  startup_stm32f411xe.o [1]
  .text              ro code  0x08001238     0x4  startup_stm32f411xe.o [1]
  .text              ro code  0x0800123c     0x4  startup_stm32f411xe.o [1]
  .text              ro code  0x08001240     0x4  startup_stm32f411xe.o [1]
  .text              ro code  0x08001244     0x4  startup_stm32f411xe.o [1]
  .text              ro code  0x08001248     0x4  startup_stm32f411xe.o [1]
  .text              ro code  0x0800124c     0x4  startup_stm32f411xe.o [1]
  .text              ro code  0x08001250     0x4  startup_stm32f411xe.o [1]
  .text              ro code  0x08001254     0x4  startup_stm32f411xe.o [1]
  .text              ro code  0x08001258     0x4  startup_stm32f411xe.o [1]
  .text              ro code  0x0800125c     0x4  startup_stm32f411xe.o [1]
  .text              ro code  0x08001260     0x4  startup_stm32f411xe.o [1]
  .text              ro code  0x08001264     0x4  startup_stm32f411xe.o [1]
  .text              ro code  0x08001268     0x4  startup_stm32f411xe.o [1]
  .text              ro code  0x0800126c     0x4  startup_stm32f411xe.o [1]
  .text              ro code  0x08001270     0x4  startup_stm32f411xe.o [1]
  .text              ro code  0x08001274     0x4  startup_stm32f411xe.o [1]
  .text              ro code  0x08001278     0x4  startup_stm32f411xe.o [1]
  .text              ro code  0x0800127c     0x4  startup_stm32f411xe.o [1]
  .text              ro code  0x08001280     0x4  startup_stm32f411xe.o [1]
  .text              ro code  0x08001284     0x4  startup_stm32f411xe.o [1]
  .text              ro code  0x08001288     0x4  startup_stm32f411xe.o [1]
  .text              ro code  0x0800128c     0x4  startup_stm32f411xe.o [1]
  .text              ro code  0x08001290     0x4  startup_stm32f411xe.o [1]
  .text              ro code  0x08001294     0x4  startup_stm32f411xe.o [1]
  .text              ro code  0x08001298     0x4  startup_stm32f411xe.o [1]
  .text              ro code  0x0800129c     0x4  startup_stm32f411xe.o [1]
  .text              ro code  0x080012a0     0x4  startup_stm32f411xe.o [1]
  .text              ro code  0x080012a4     0x4  startup_stm32f411xe.o [1]
  .text              ro code  0x080012a8     0x4  startup_stm32f411xe.o [1]
  .text              ro code  0x080012ac     0x4  startup_stm32f411xe.o [1]
  .text              ro code  0x080012b0     0x4  startup_stm32f411xe.o [1]
  .rodata            const    0x080012b4     0x0  packbits_init_single.o [5]
  Initializer bytes  const    0x080012b4     0xd  <for P2-1>
                            - 0x080012c1  0x1129

"P2", part 1 of 2:                          0x50
  P2-1                        0x20000000    0x50  <Init block>
    .data            inited   0x20000000     0xc  stm32f4xx_hal.o [1]
    .data            inited   0x2000000c     0x4  system_stm32f4xx.o [1]
    .bss             inited   0x20000010    0x40  main.o [1]
                            - 0x20000050    0x50

"P2", part 2 of 2:                         0x400
  CSTACK                      0x20000050   0x400  <Block>
    CSTACK           uninit   0x20000050   0x400  <Block tail>
                            - 0x20000450   0x400


*******************************************************************************
*** INIT TABLE
***

          Address     Size
          -------     ----
Copy/packbits (__iar_packbits_init_single3)
    1 source range, total size 0xd (16% of destination):
          0x080012b4   0xd
    1 destination range, total size 0x50:
          0x20000000  0x50



*******************************************************************************
*** MODULE SUMMARY
***

    Module                  ro code  ro data  rw data
    ------                  -------  -------  -------
D:\Documents\STM32F4 Projects\RS485\EWARM\RS485\Obj: [1]
    crc.o                        48
    main.o                      432       11       64
    startup_stm32f411xe.o       652
    stm32f4xx_hal.o             172        1       12
    stm32f4xx_hal_cortex.o      202
    stm32f4xx_hal_gpio.o        456
    stm32f4xx_hal_msp.o         180
    stm32f4xx_hal_rcc.o       1 116
    stm32f4xx_hal_uart.o        774
    stm32f4xx_it.o               30
    system_stm32f4xx.o           96        9        4
    -------------------------------------------------
    Total:                    4 158       21       80

command line: [2]
    -------------------------------------------------
    Total:

dl7M_tlf.a: [3]
    exit.o                        4
    low_level_init.o              4
    -------------------------------------------------
    Total:                        8

m7M_tls.a: [4]
    fpinit_M.o                   34
    -------------------------------------------------
    Total:                       34

rt7M_tl.a: [5]
    ABImemcpy_unaligned.o        86
    I64DivMod.o                 238
    I64DivZer.o                   2
    cexit.o                      10
    cmain.o                      26
    cstartup_M.o                 12
    data_init.o                  40
    packbits_init_single.o       56
    strlen.o                     54
    -------------------------------------------------
    Total:                      524

shb_l.a: [6]
    exit.o                       20
    -------------------------------------------------
    Total:                       20

    Gaps                         18        2
    Linker created                        16    1 024
-----------------------------------------------------
    Grand Total:              4 762       39    1 104


*******************************************************************************
*** ENTRY LIST
***

Entry                      Address   Size  Type      Object
-----                      -------   ----  ----      ------
.iar.init_table$$Base   0x08001138          --   Gb  - Linker created -
.iar.init_table$$Limit  0x08001148          --   Gb  - Linker created -
?main                   0x08001169         Code  Gb  cmain.o [5]
AHBPrescTable           0x080010a4   0x10  Data  Gb  system_stm32f4xx.o [1]
APBPrescTable           0x080011c8    0x8  Data  Gb  system_stm32f4xx.o [1]
BusFault_Handler        0x0800114f    0x2  Code  Gb  stm32f4xx_it.o [1]
CSTACK$$Base            0x20000050          --   Gb  - Linker created -
CSTACK$$Limit           0x20000450          --   Gb  - Linker created -
DebugMon_Handler        0x08001155    0x2  Code  Gb  stm32f4xx_it.o [1]
HAL_Delay               0x08000671   0x22  Code  Wk  stm32f4xx_hal.o [1]
HAL_GPIO_Init           0x08000915  0x198  Code  Gb  stm32f4xx_hal_gpio.o [1]
HAL_GPIO_TogglePin      0x08000ab5    0x8  Code  Gb  stm32f4xx_hal_gpio.o [1]
HAL_GPIO_WritePin       0x08000aad    0x8  Code  Gb  stm32f4xx_hal_gpio.o [1]
HAL_GetTick             0x0800066b    0x6  Code  Wk  stm32f4xx_hal.o [1]
HAL_IncTick             0x0800065d    0xe  Code  Wk  stm32f4xx_hal.o [1]
HAL_Init                0x080005f5   0x30  Code  Gb  stm32f4xx_hal.o [1]
HAL_InitTick            0x08000625   0x38  Code  Wk  stm32f4xx_hal.o [1]
HAL_MspInit             0x0800085d   0x60  Code  Gb  stm32f4xx_hal_msp.o [1]
HAL_NVIC_SetPriority    0x080007c5   0x3a  Code  Gb  stm32f4xx_hal_cortex.o [1]
HAL_NVIC_SetPriorityGrouping
                        0x080007ab   0x1a  Code  Gb  stm32f4xx_hal_cortex.o [1]
HAL_RCC_ClockConfig     0x08000447   0xfa  Code  Gb  stm32f4xx_hal_rcc.o [1]
HAL_RCC_GetHCLKFreq     0x08000599    0x6  Code  Gb  stm32f4xx_hal_rcc.o [1]
HAL_RCC_GetPCLK1Freq    0x0800059f   0x10  Code  Gb  stm32f4xx_hal_rcc.o [1]
HAL_RCC_GetPCLK2Freq    0x080005af    0xe  Code  Gb  stm32f4xx_hal_rcc.o [1]
HAL_RCC_GetSysClockFreq
                        0x0800054d   0x4c  Code  Wk  stm32f4xx_hal_rcc.o [1]
HAL_RCC_OscConfig       0x08000199  0x2a6  Code  Wk  stm32f4xx_hal_rcc.o [1]
HAL_SYSTICK_CLKSourceConfig
                        0x08000827   0x14  Code  Gb  stm32f4xx_hal_cortex.o [1]
HAL_SYSTICK_Callback    0x08000859    0x2  Code  Wk  stm32f4xx_hal_cortex.o [1]
HAL_SYSTICK_Config      0x080007ff   0x28  Code  Gb  stm32f4xx_hal_cortex.o [1]
HAL_SYSTICK_IRQHandler  0x08000851    0x8  Code  Gb  stm32f4xx_hal_cortex.o [1]
HAL_UART_Init           0x08000add   0x28  Code  Gb  stm32f4xx_hal_uart.o [1]
HAL_UART_MspInit        0x080008bd   0x46  Code  Gb  stm32f4xx_hal_msp.o [1]
HAL_UART_Transmit       0x08000b4b   0xa0  Code  Gb  stm32f4xx_hal_uart.o [1]
HardFault_Handler       0x0800114b    0x2  Code  Gb  stm32f4xx_it.o [1]
MemManage_Handler       0x0800114d    0x2  Code  Gb  stm32f4xx_it.o [1]
NMI_Handler             0x08001149    0x2  Code  Gb  stm32f4xx_it.o [1]
NVIC_SetPriority        0x08000791   0x1a  Code  Lc  stm32f4xx_hal_cortex.o [1]
PendSV_Handler          0x08001157    0x2  Code  Gb  stm32f4xx_it.o [1]
Region$$Table$$Base     0x08001138          --   Gb  - Linker created -
Region$$Table$$Limit    0x08001148          --   Gb  - Linker created -
SVC_Handler             0x08001153    0x2  Code  Gb  stm32f4xx_it.o [1]
SysTick_Handler         0x08001159    0xe  Code  Gb  stm32f4xx_it.o [1]
SystemClock_Config      0x08000ed9   0x8e  Code  Gb  main.o [1]
SystemCoreClock         0x2000000c    0x4  Data  Gb  system_stm32f4xx.o [1]
SystemInit              0x08001055   0x3a  Code  Gb  system_stm32f4xx.o [1]
UART_SetConfig          0x08000c65  0x13a  Code  Lc  stm32f4xx_hal_uart.o [1]
UART_WaitOnFlagUntilTimeout
                        0x08000c0f   0x56  Code  Lc  stm32f4xx_hal_uart.o [1]
UsageFault_Handler      0x08001151    0x2  Code  Gb  stm32f4xx_it.o [1]
__aeabi_ldiv0           0x08000911         Code  Gb  I64DivZer.o [5]
__aeabi_uldivmod        0x080006a1         Code  Gb  I64DivMod.o [5]
__cmain                 0x08001169         Code  Gb  cmain.o [5]
__exit                  0x08001199   0x14  Code  Gb  exit.o [6]
__iar_data_init3        0x080010ed   0x28  Code  Gb  data_init.o [5]
__iar_init_vfp          0x08001115         Code  Gb  fpinit_M.o [4]
__iar_packbits_init_single3
                        0x080010b5   0x38  Code  Gb  packbits_init_single.o [5]
__iar_program_start     0x080011bd         Code  Gb  cstartup_M.o [5]
__iar_unaligned___aeabi_memcpy4
                        0x08000f95         Code  Gb  ABImemcpy_unaligned.o [5]
__iar_unaligned___aeabi_memcpy8
                        0x08000f95         Code  Gb  ABImemcpy_unaligned.o [5]
__low_level_init        0x08001183    0x4  Code  Gb  low_level_init.o [3]
__vector_table          0x08000000         Data  Gb  startup_stm32f411xe.o [1]
_call_main              0x08001175         Code  Gb  cmain.o [5]
_exit                   0x0800118d         Code  Gb  cexit.o [5]
_main                   0x0800117f         Code  Gb  cmain.o [5]
calculateCRC            0x08001023   0x30  Code  Gb  crc.o [1]
exit                    0x08001187    0x4  Code  Gb  exit.o [3]
huart2                  0x20000010   0x40  Data  Gb  main.o [1]
main                    0x08000de5   0xe2  Code  Gb  main.o [1]
strlen                  0x08000fed         Code  Gb  strlen.o [5]
uwTick                  0x20000004    0x4  Data  Gb  stm32f4xx_hal.o [1]
uwTickFreq              0x20000000    0x1  Data  Gb  stm32f4xx_hal.o [1]
uwTickPrio              0x20000008    0x4  Data  Gb  stm32f4xx_hal.o [1]


[1] = D:\Documents\STM32F4 Projects\RS485\EWARM\RS485\Obj
[2] = command line
[3] = dl7M_tlf.a
[4] = m7M_tls.a
[5] = rt7M_tl.a
[6] = shb_l.a

  4 762 bytes of readonly  code memory
     39 bytes of readonly  data memory
  1 104 bytes of readwrite data memory

Errors: none
Warnings: none
