###############################################################################
#
# IAR ELF Linker V7.50.2.10312/W32 for ARM                03/Jun/2018  15:27:38
# Copyright 2007-2015 IAR Systems AB.
#
#    Output file  =  
#        D:\Documents\STM32F4
#        Projects\MRM4006_GraduatingProject\EWARM\MRM4006_GraduatingProject\Exe\MRM4006_GraduatingProject.out
#    Map file     =  
#        D:\Documents\STM32F4
#        Projects\MRM4006_GraduatingProject\EWARM\MRM4006_GraduatingProject\List\MRM4006_GraduatingProject.map
#    Command line =  
#        "D:\Documents\STM32F4
#        Projects\MRM4006_GraduatingProject\EWARM\MRM4006_GraduatingProject\Obj\crc.o"
#        "D:\Documents\STM32F4
#        Projects\MRM4006_GraduatingProject\EWARM\MRM4006_GraduatingProject\Obj\main.o"
#        "D:\Documents\STM32F4
#        Projects\MRM4006_GraduatingProject\EWARM\MRM4006_GraduatingProject\Obj\modbus.o"
#        "D:\Documents\STM32F4
#        Projects\MRM4006_GraduatingProject\EWARM\MRM4006_GraduatingProject\Obj\startup_stm32f411xe.o"
#        "D:\Documents\STM32F4
#        Projects\MRM4006_GraduatingProject\EWARM\MRM4006_GraduatingProject\Obj\stm32f4xx_hal.o"
#        "D:\Documents\STM32F4
#        Projects\MRM4006_GraduatingProject\EWARM\MRM4006_GraduatingProject\Obj\stm32f4xx_hal_cortex.o"
#        "D:\Documents\STM32F4
#        Projects\MRM4006_GraduatingProject\EWARM\MRM4006_GraduatingProject\Obj\stm32f4xx_hal_dma.o"
#        "D:\Documents\STM32F4
#        Projects\MRM4006_GraduatingProject\EWARM\MRM4006_GraduatingProject\Obj\stm32f4xx_hal_dma_ex.o"
#        "D:\Documents\STM32F4
#        Projects\MRM4006_GraduatingProject\EWARM\MRM4006_GraduatingProject\Obj\stm32f4xx_hal_flash.o"
#        "D:\Documents\STM32F4
#        Projects\MRM4006_GraduatingProject\EWARM\MRM4006_GraduatingProject\Obj\stm32f4xx_hal_flash_ex.o"
#        "D:\Documents\STM32F4
#        Projects\MRM4006_GraduatingProject\EWARM\MRM4006_GraduatingProject\Obj\stm32f4xx_hal_flash_ramfunc.o"
#        "D:\Documents\STM32F4
#        Projects\MRM4006_GraduatingProject\EWARM\MRM4006_GraduatingProject\Obj\stm32f4xx_hal_gpio.o"
#        "D:\Documents\STM32F4
#        Projects\MRM4006_GraduatingProject\EWARM\MRM4006_GraduatingProject\Obj\stm32f4xx_hal_msp.o"
#        "D:\Documents\STM32F4
#        Projects\MRM4006_GraduatingProject\EWARM\MRM4006_GraduatingProject\Obj\stm32f4xx_hal_pwr.o"
#        "D:\Documents\STM32F4
#        Projects\MRM4006_GraduatingProject\EWARM\MRM4006_GraduatingProject\Obj\stm32f4xx_hal_pwr_ex.o"
#        "D:\Documents\STM32F4
#        Projects\MRM4006_GraduatingProject\EWARM\MRM4006_GraduatingProject\Obj\stm32f4xx_hal_rcc.o"
#        "D:\Documents\STM32F4
#        Projects\MRM4006_GraduatingProject\EWARM\MRM4006_GraduatingProject\Obj\stm32f4xx_hal_rcc_ex.o"
#        "D:\Documents\STM32F4
#        Projects\MRM4006_GraduatingProject\EWARM\MRM4006_GraduatingProject\Obj\stm32f4xx_hal_tim.o"
#        "D:\Documents\STM32F4
#        Projects\MRM4006_GraduatingProject\EWARM\MRM4006_GraduatingProject\Obj\stm32f4xx_hal_tim_ex.o"
#        "D:\Documents\STM32F4
#        Projects\MRM4006_GraduatingProject\EWARM\MRM4006_GraduatingProject\Obj\stm32f4xx_hal_uart.o"
#        "D:\Documents\STM32F4
#        Projects\MRM4006_GraduatingProject\EWARM\MRM4006_GraduatingProject\Obj\stm32f4xx_it.o"
#        "D:\Documents\STM32F4
#        Projects\MRM4006_GraduatingProject\EWARM\MRM4006_GraduatingProject\Obj\system_stm32f4xx.o"
#        --redirect _Printf=_PrintfFull --redirect _Scanf=_ScanfFull -o
#        "D:\Documents\STM32F4
#        Projects\MRM4006_GraduatingProject\EWARM\MRM4006_GraduatingProject\Exe\MRM4006_GraduatingProject.out"
#        --map "D:\Documents\STM32F4
#        Projects\MRM4006_GraduatingProject\EWARM\MRM4006_GraduatingProject\List\MRM4006_GraduatingProject.map"
#        --config "D:\Documents\STM32F4
#        Projects\MRM4006_GraduatingProject\EWARM/stm32f411xe_flash.icf"
#        --semihosting --entry __iar_program_start --vfe
#
###############################################################################

*******************************************************************************
*** RUNTIME MODEL ATTRIBUTES
***

CppFlavor                     = *
__Heap_Handler                = Basic
__SystemLibrary               = DLib
__dlib_dynamic_initialization = normal


*******************************************************************************
*** PLACEMENT SUMMARY
***

"A1":  place at 0x08000000 { ro section .intvec };
"P1":  place in [from 0x08000000 to 0x0807ffff] { ro };
"P2":  place in [from 0x20000000 to 0x2001ffff] { rw, block CSTACK, block HEAP };

  Section             Kind        Address    Size  Object
  -------             ----        -------    ----  ------
"A1":                                       0x198
  .intvec             ro code  0x08000000   0x198  startup_stm32f411xe.o [1]
                             - 0x08000198   0x198

"P1":                                      0x3b6b
  .text               ro code  0x08000198  0x1166  xprintffull.o [3]
  .text               ro code  0x080012fe    0x20  xmbtowc.o [3]
  .text               ro code  0x0800131e     0xa  xsprout.o [3]
  .text               ro code  0x08001328    0x16  strchr.o [5]
  .text               ro code  0x08001340    0x36  strlen.o [5]
  .text               ro code  0x08001378    0x58  memchr.o [5]
  .text               ro code  0x080013d0     0xa  xmbcurmax.o [3]
  .text               ro code  0x080013dc    0xb0  xxmemxmalloc.o [3]
  .text               ro code  0x0800148c    0x1a  xwctomb.o [3]
  .text               ro code  0x080014a8    0x76  ABImemcpy_unaligned.o [5]
  .text               ro code  0x08001520    0x80  xxmemxfree.o [3]
  .text               ro code  0x080015a0    0xee  I64DivMod.o [5]
  .text               ro code  0x0800168e    0x42  xdnorm.o [4]
  .text               ro code  0x080016d0    0x2e  DblCmpLe.o [4]
  .text               ro code  0x08001700    0x2e  DblCmpGe.o [4]
  .text               ro code  0x08001730   0x114  xdscale.o [4]
  .text               ro code  0x08001844    0x58  DblToI32.o [4]
  .text               ro code  0x0800189c    0x30  I32ToDbl.o [4]
  .text               ro code  0x080018cc   0x180  DblSub.o [4]
  .text               ro code  0x08001a4c   0x1a2  DblMul.o [4]
  .text               ro code  0x08001bf0   0x256  DblDiv.o [4]
  .text               ro code  0x08001e48    0x6c  localeconv.o [3]
  .text               ro code  0x08001eb4     0xe  div.o [3]
  .text               ro code  0x08001ec4    0x14  setlocale.o [3]
  .text               ro code  0x08001ed8    0x60  xencoding_sb.o [3]
  .text               ro code  0x08001f38    0x2c  xgetmemchunk.o [3]
  .text               ro code  0x08001f64     0x2  I64DivZer.o [5]
  .text               ro code  0x08001f68    0xd4  DblAdd.o [4]
  .text               ro code  0x0800203c     0x2  xtls.o [3]
  .text               ro code  0x08002040   0x56a  stm32f4xx_hal_uart.o [1]
  .text               ro code  0x080025ac   0x160  stm32f4xx_hal_msp.o [1]
  .text               ro code  0x0800270c    0xac  stm32f4xx_hal.o [1]
  .text               ro code  0x080027b8    0x24  stm32f4xx_hal_dma.o [1]
  .text               ro code  0x080027dc   0x4ac  main.o [1]
  .text               ro code  0x08002c88   0x45c  stm32f4xx_hal_rcc.o [1]
  .text               ro code  0x080030e4    0xe2  stm32f4xx_hal_cortex.o [1]
  .text               ro code  0x080031c8   0x1c8  stm32f4xx_hal_gpio.o [1]
  .text               ro code  0x08003390   0x36c  stm32f4xx_hal_tim.o [1]
  .text               ro code  0x080036fc    0xc8  modbus.o [1]
  .text               ro code  0x080037c4    0x34  sprintf.o [3]
  .text               ro code  0x080037f8    0xa8  stm32f4xx_hal_tim_ex.o [1]
  .text               ro code  0x080038a0   0x18e  crc.o [1]
  .text               ro code  0x08003a30    0x60  system_stm32f4xx.o [1]
  .text               ro code  0x08003a90    0x40  zero_init3.o [5]
  .text               ro code  0x08003ad0    0x38  packbits_init_single.o [5]
  .text               ro code  0x08003b08    0x34  stm32f4xx_it.o [1]
  .text               ro code  0x08003b3c    0x28  data_init.o [5]
  .text               ro code  0x08003b64    0x22  fpinit_M.o [4]
  .iar.init_table     const    0x08003b88    0x20  - Linker created -
  .text               ro code  0x08003ba8    0x1a  cmain.o [5]
  .text               ro code  0x08003bc2     0x4  low_level_init.o [3]
  .text               ro code  0x08003bc6     0x4  exit.o [3]
  .text               ro code  0x08003bcc     0xa  cexit.o [5]
  .text               ro code  0x08003bd8    0x14  exit.o [6]
  .text               ro code  0x08003bec    0x10  startup_stm32f411xe.o [1]
  .text               ro code  0x08003bfc     0xc  cstartup_M.o [5]
  .rodata             const    0x08003c08     0x8  system_stm32f4xx.o [1]
  .text               ro code  0x08003c10     0x4  startup_stm32f411xe.o [1]
  .text               ro code  0x08003c14     0x4  startup_stm32f411xe.o [1]
  .text               ro code  0x08003c18     0x4  startup_stm32f411xe.o [1]
  .text               ro code  0x08003c1c     0x4  startup_stm32f411xe.o [1]
  .text               ro code  0x08003c20     0x4  startup_stm32f411xe.o [1]
  .text               ro code  0x08003c24     0x4  startup_stm32f411xe.o [1]
  .text               ro code  0x08003c28     0x4  startup_stm32f411xe.o [1]
  .text               ro code  0x08003c2c     0x4  startup_stm32f411xe.o [1]
  .text               ro code  0x08003c30     0x4  startup_stm32f411xe.o [1]
  .text               ro code  0x08003c34     0x4  startup_stm32f411xe.o [1]
  .text               ro code  0x08003c38     0x4  startup_stm32f411xe.o [1]
  .text               ro code  0x08003c3c     0x4  startup_stm32f411xe.o [1]
  .text               ro code  0x08003c40     0x4  startup_stm32f411xe.o [1]
  .text               ro code  0x08003c44     0x4  startup_stm32f411xe.o [1]
  .text               ro code  0x08003c48     0x4  startup_stm32f411xe.o [1]
  .text               ro code  0x08003c4c     0x4  startup_stm32f411xe.o [1]
  .text               ro code  0x08003c50     0x4  startup_stm32f411xe.o [1]
  .text               ro code  0x08003c54     0x4  startup_stm32f411xe.o [1]
  .text               ro code  0x08003c58     0x4  startup_stm32f411xe.o [1]
  .text               ro code  0x08003c5c     0x4  startup_stm32f411xe.o [1]
  .text               ro code  0x08003c60     0x4  startup_stm32f411xe.o [1]
  .text               ro code  0x08003c64     0x4  startup_stm32f411xe.o [1]
  .text               ro code  0x08003c68     0x4  startup_stm32f411xe.o [1]
  .text               ro code  0x08003c6c     0x4  startup_stm32f411xe.o [1]
  .text               ro code  0x08003c70     0x4  startup_stm32f411xe.o [1]
  .text               ro code  0x08003c74     0x4  startup_stm32f411xe.o [1]
  .text               ro code  0x08003c78     0x4  startup_stm32f411xe.o [1]
  .text               ro code  0x08003c7c     0x4  startup_stm32f411xe.o [1]
  .text               ro code  0x08003c80     0x4  startup_stm32f411xe.o [1]
  .text               ro code  0x08003c84     0x4  startup_stm32f411xe.o [1]
  .text               ro code  0x08003c88     0x4  startup_stm32f411xe.o [1]
  .text               ro code  0x08003c8c     0x4  startup_stm32f411xe.o [1]
  .text               ro code  0x08003c90     0x4  startup_stm32f411xe.o [1]
  .text               ro code  0x08003c94     0x4  startup_stm32f411xe.o [1]
  .text               ro code  0x08003c98     0x4  startup_stm32f411xe.o [1]
  .text               ro code  0x08003c9c     0x4  startup_stm32f411xe.o [1]
  .text               ro code  0x08003ca0     0x4  startup_stm32f411xe.o [1]
  .text               ro code  0x08003ca4     0x4  startup_stm32f411xe.o [1]
  .text               ro code  0x08003ca8     0x4  startup_stm32f411xe.o [1]
  .text               ro code  0x08003cac     0x4  startup_stm32f411xe.o [1]
  .text               ro code  0x08003cb0     0x4  startup_stm32f411xe.o [1]
  .text               ro code  0x08003cb4     0x4  startup_stm32f411xe.o [1]
  .text               ro code  0x08003cb8     0x4  startup_stm32f411xe.o [1]
  .text               ro code  0x08003cbc     0x4  startup_stm32f411xe.o [1]
  .text               ro code  0x08003cc0     0x4  startup_stm32f411xe.o [1]
  .text               ro code  0x08003cc4     0x4  startup_stm32f411xe.o [1]
  .text               ro code  0x08003cc8     0x4  startup_stm32f411xe.o [1]
  .text               ro code  0x08003ccc     0x4  startup_stm32f411xe.o [1]
  .text               ro code  0x08003cd0     0x4  startup_stm32f411xe.o [1]
  .text               ro code  0x08003cd4     0x4  startup_stm32f411xe.o [1]
  .text               ro code  0x08003cd8     0x4  startup_stm32f411xe.o [1]
  .text               ro code  0x08003cdc     0x4  startup_stm32f411xe.o [1]
  .text               ro code  0x08003ce0     0x4  startup_stm32f411xe.o [1]
  .text               ro code  0x08003ce4     0x4  startup_stm32f411xe.o [1]
  .text               ro code  0x08003ce8     0x4  startup_stm32f411xe.o [1]
  .rodata             const    0x08003cec     0x0  zero_init3.o [5]
  .rodata             const    0x08003cec     0x0  packbits_init_single.o [5]
  Initializer bytes   const    0x08003cec    0x17  <for P2-1>
                             - 0x08003d03  0x3b6b

"P2", part 1 of 3:                          0x10c
  P2-1                         0x20000000   0x10c  <Init block>
    .data             inited   0x20000000     0xc  stm32f4xx_hal.o [1]
    .data             inited   0x2000000c     0x4  system_stm32f4xx.o [1]
    __DLIB_PERTHREAD  inited   0x20000010    0x88  localeconv.o [3]
    __DLIB_PERTHREAD  inited   0x20000098    0x74  setlocale.o [3]
                             - 0x2000010c   0x10c

"P2", part 2 of 3:                          0x600
  CSTACK                       0x20000110   0x400  <Block>
    CSTACK            uninit   0x20000110   0x400  <Block tail>
  HEAP                         0x20000510   0x200  <Block>
    HEAP              uninit   0x20000510   0x200  <Block tail>
                             - 0x20000710   0x600

"P2", part 3 of 3:                          0x120
  .bss                zero     0x20000710    0x70  main.o [1]
  .bss                zero     0x20000780    0x68  main.o [1]
  .bss                zero     0x200007e8    0x3c  main.o [1]
  .bss                zero     0x20000824     0x8  xxmemxmalloc.o [3]
  .bss                zero     0x2000082c     0x4  xgetmemchunk.o [3]
                             - 0x20000830   0x120


*******************************************************************************
*** INIT TABLE
***

          Address     Size
          -------     ----
Zero (__iar_zero_init3)
    1 destination range, total size 0x120:
          0x20000710  0x120

Copy/packbits (__iar_packbits_init_single3)
    1 source range, total size 0x17 (8% of destination):
          0x08003cec   0x17
    1 destination range, total size 0x10c:
          0x20000000  0x10c



*******************************************************************************
*** MODULE SUMMARY
***

    Module                  ro code  ro data  rw data
    ------                  -------  -------  -------
D:\Documents\STM32F4 Projects\MRM4006_GraduatingProject\EWARM\MRM4006_GraduatingProject\Obj: [1]
    crc.o                       398
    main.o                    1 196               276
    modbus.o                    200
    startup_stm32f411xe.o       644
    stm32f4xx_hal.o             172        1       12
    stm32f4xx_hal_cortex.o      226
    stm32f4xx_hal_dma.o          36
    stm32f4xx_hal_gpio.o        456
    stm32f4xx_hal_msp.o         352
    stm32f4xx_hal_rcc.o       1 116
    stm32f4xx_hal_tim.o         876
    stm32f4xx_hal_tim_ex.o      168
    stm32f4xx_hal_uart.o      1 386
    stm32f4xx_it.o               52
    system_stm32f4xx.o           96        8        4
    -------------------------------------------------
    Total:                    7 374        9      292

command line: [2]
    -------------------------------------------------
    Total:

dl7M_tlf.a: [3]
    div.o                        14
    exit.o                        4
    localeconv.o                108       12      136
    low_level_init.o              4
    setlocale.o                  20       10      116
    sprintf.o                    52
    xencoding_sb.o               96
    xgetmemchunk.o               44                 4
    xmbcurmax.o                  10
    xmbtowc.o                    32
    xprintffull.o             4 454
    xsprout.o                    10
    xtls.o                        2
    xwctomb.o                    26
    xxmemxfree.o                128
    xxmemxmalloc.o              176                 8
    -------------------------------------------------
    Total:                    5 180       22      264

m7M_tls.a: [4]
    DblAdd.o                    212
    DblCmpGe.o                   46
    DblCmpLe.o                   46
    DblDiv.o                    598
    DblMul.o                    418
    DblSub.o                    384
    DblToI32.o                   88
    I32ToDbl.o                   48
    fpinit_M.o                   34
    xdnorm.o                     66
    xdscale.o                   276
    -------------------------------------------------
    Total:                    2 216

rt7M_tl.a: [5]
    ABImemcpy_unaligned.o       118
    I64DivMod.o                 238
    I64DivZer.o                   2
    cexit.o                      10
    cmain.o                      26
    cstartup_M.o                 12
    data_init.o                  40
    memchr.o                     88
    packbits_init_single.o       56
    strchr.o                     22
    strlen.o                     54
    zero_init3.o                 64
    -------------------------------------------------
    Total:                      730

shb_l.a: [6]
    exit.o                       20
    -------------------------------------------------
    Total:                       20

    Gaps                         34        2
    Linker created                        32    1 536
-----------------------------------------------------
    Grand Total:             15 554       65    2 092


*******************************************************************************
*** ENTRY LIST
***

Entry                      Address   Size  Type      Object
-----                      -------   ----  ----      ------
.iar.init_table$$Base   0x08003b88          --   Gb  - Linker created -
.iar.init_table$$Limit  0x08003ba8          --   Gb  - Linker created -
?main                   0x08003ba9         Code  Gb  cmain.o [5]
AHBPrescTable           0x08003a80   0x10  Data  Gb  system_stm32f4xx.o [1]
APBPrescTable           0x08003c08    0x8  Data  Gb  system_stm32f4xx.o [1]
BusFault_Handler        0x08003b0f    0x2  Code  Gb  stm32f4xx_it.o [1]
CSTACK$$Base            0x20000110          --   Gb  - Linker created -
CSTACK$$Limit           0x20000510          --   Gb  - Linker created -
DebugMon_Handler        0x08003b15    0x2  Code  Gb  stm32f4xx_it.o [1]
HAL_DMA_Abort_IT        0x080027b9   0x24  Code  Gb  stm32f4xx_hal_dma.o [1]
HAL_Delay               0x08002789   0x22  Code  Wk  stm32f4xx_hal.o [1]
HAL_GPIO_Init           0x080031c9  0x198  Code  Gb  stm32f4xx_hal_gpio.o [1]
HAL_GPIO_TogglePin      0x08003369    0x8  Code  Gb  stm32f4xx_hal_gpio.o [1]
HAL_GPIO_WritePin       0x08003361    0x8  Code  Gb  stm32f4xx_hal_gpio.o [1]
HAL_GetTick             0x08002783    0x6  Code  Wk  stm32f4xx_hal.o [1]
HAL_IncTick             0x08002775    0xe  Code  Wk  stm32f4xx_hal.o [1]
HAL_Init                0x0800270d   0x30  Code  Gb  stm32f4xx_hal.o [1]
HAL_InitTick            0x0800273d   0x38  Code  Wk  stm32f4xx_hal.o [1]
HAL_MspInit             0x080025ad   0x60  Code  Gb  stm32f4xx_hal_msp.o [1]
HAL_NVIC_EnableIRQ      0x08003153    0xc  Code  Gb  stm32f4xx_hal_cortex.o [1]
HAL_NVIC_SetPriority    0x08003119   0x3a  Code  Gb  stm32f4xx_hal_cortex.o [1]
HAL_NVIC_SetPriorityGrouping
                        0x080030ff   0x1a  Code  Gb  stm32f4xx_hal_cortex.o [1]
HAL_RCC_ClockConfig     0x08002f37   0xfa  Code  Gb  stm32f4xx_hal_rcc.o [1]
HAL_RCC_GetHCLKFreq     0x08003089    0x6  Code  Gb  stm32f4xx_hal_rcc.o [1]
HAL_RCC_GetPCLK1Freq    0x0800308f   0x10  Code  Gb  stm32f4xx_hal_rcc.o [1]
HAL_RCC_GetPCLK2Freq    0x0800309f    0xe  Code  Gb  stm32f4xx_hal_rcc.o [1]
HAL_RCC_GetSysClockFreq
                        0x0800303d   0x4c  Code  Wk  stm32f4xx_hal_rcc.o [1]
HAL_RCC_OscConfig       0x08002c89  0x2a6  Code  Wk  stm32f4xx_hal_rcc.o [1]
HAL_SYSTICK_CLKSourceConfig
                        0x0800318f   0x14  Code  Gb  stm32f4xx_hal_cortex.o [1]
HAL_SYSTICK_Callback    0x080031c5    0x2  Code  Wk  stm32f4xx_hal_cortex.o [1]
HAL_SYSTICK_Config      0x08003167   0x28  Code  Gb  stm32f4xx_hal_cortex.o [1]
HAL_SYSTICK_IRQHandler  0x080031bd    0x8  Code  Gb  stm32f4xx_hal_cortex.o [1]
HAL_TIMEx_ConfigBreakDeadTime
                        0x0800384f   0x52  Code  Gb  stm32f4xx_hal_tim_ex.o [1]
HAL_TIMEx_MasterConfigSynchronization
                        0x08003805   0x4a  Code  Gb  stm32f4xx_hal_tim_ex.o [1]
HAL_TIM_MspPostInit     0x08002633   0x2e  Code  Gb  stm32f4xx_hal_msp.o [1]
HAL_TIM_PWM_ConfigChannel
                        0x08003443   0xb8  Code  Gb  stm32f4xx_hal_tim.o [1]
HAL_TIM_PWM_Init        0x080033a5   0x1a  Code  Gb  stm32f4xx_hal_tim.o [1]
HAL_TIM_PWM_MspInit     0x0800260d   0x26  Code  Gb  stm32f4xx_hal_msp.o [1]
HAL_TIM_PWM_Start       0x080033c7    0x8  Code  Gb  stm32f4xx_hal_tim.o [1]
HAL_UART_ErrorCallback  0x0800231b    0x2  Code  Wk  stm32f4xx_hal_uart.o [1]
HAL_UART_IRQHandler     0x080021d1  0x148  Code  Gb  stm32f4xx_hal_uart.o [1]
HAL_UART_Init           0x08002041   0x28  Code  Gb  stm32f4xx_hal_uart.o [1]
HAL_UART_MspInit        0x08002661   0x6c  Code  Gb  stm32f4xx_hal_msp.o [1]
HAL_UART_Receive_IT     0x08002165   0x4c  Code  Gb  stm32f4xx_hal_uart.o [1]
HAL_UART_RxCpltCallback
                        0x08002bd1   0x5e  Code  Gb  main.o [1]
HAL_UART_Transmit       0x080020af   0xa0  Code  Gb  stm32f4xx_hal_uart.o [1]
HAL_UART_TxCpltCallback
                        0x08002319    0x2  Code  Wk  stm32f4xx_hal_uart.o [1]
HEAP$$Base              0x20000510          --   Gb  - Linker created -
HEAP$$Limit             0x20000710          --   Gb  - Linker created -
HardFault_Handler       0x08003b0b    0x2  Code  Gb  stm32f4xx_it.o [1]
LoadInt                 0x080007e7   0x6e  Code  Lc  xprintffull.o [3]
MX_TIM1_Init            0x08002b49   0x82  Code  Lc  main.o [1]
MemManage_Handler       0x08003b0d    0x2  Code  Gb  stm32f4xx_it.o [1]
NMI_Handler             0x08003b09    0x2  Code  Gb  stm32f4xx_it.o [1]
NVIC_SetPriority        0x080030e5   0x1a  Code  Lc  stm32f4xx_hal_cortex.o [1]
PendSV_Handler          0x08003b17    0x2  Code  Gb  stm32f4xx_it.o [1]
Region$$Table$$Base     0x08003b88          --   Gb  - Linker created -
Region$$Table$$Limit    0x08003ba8          --   Gb  - Linker created -
SVC_Handler             0x08003b13    0x2  Code  Gb  stm32f4xx_it.o [1]
SysTick_Handler         0x08003b19    0xe  Code  Gb  stm32f4xx_it.o [1]
SystemClock_Config      0x08002abb   0x8e  Code  Gb  main.o [1]
SystemCoreClock         0x2000000c    0x4  Data  Gb  system_stm32f4xx.o [1]
SystemInit              0x08003a31   0x3a  Code  Gb  system_stm32f4xx.o [1]
TIM_Base_SetConfig      0x0800351d   0x72  Code  Gb  stm32f4xx_hal_tim.o [1]
TIM_CCxChannelCmd       0x080035db   0x18  Code  Gb  stm32f4xx_hal_tim.o [1]
TIM_OC1_SetConfig       0x080035f3   0x44  Code  Lc  stm32f4xx_hal_tim.o [1]
TIM_OC2_SetConfig       0x0800358f   0x4c  Code  Gb  stm32f4xx_hal_tim.o [1]
TIM_OC3_SetConfig       0x08003643   0x50  Code  Lc  stm32f4xx_hal_tim.o [1]
TIM_OC4_SetConfig       0x080036bd   0x40  Code  Lc  stm32f4xx_hal_tim.o [1]
UART_DMAAbortOnError    0x08002391   0x10  Code  Lc  stm32f4xx_hal_uart.o [1]
UART_EndRxTransfer      0x08002373   0x1c  Code  Lc  stm32f4xx_hal_uart.o [1]
UART_Receive_IT         0x080023a1   0x7e  Code  Lc  stm32f4xx_hal_uart.o [1]
UART_SetConfig          0x0800242d  0x13a  Code  Lc  stm32f4xx_hal_uart.o [1]
UART_WaitOnFlagUntilTimeout
                        0x0800231d   0x56  Code  Lc  stm32f4xx_hal_uart.o [1]
USART1_IRQHandler       0x08003b27    0x6  Code  Gb  stm32f4xx_it.o [1]
USART2_IRQHandler       0x08003b2d    0x6  Code  Gb  stm32f4xx_it.o [1]
UsageFault_Handler      0x08003b11    0x2  Code  Gb  stm32f4xx_it.o [1]
_EncodingSb_Mbtowc      0x08001ef3   0x30  Code  Gb  xencoding_sb.o [3]
_EncodingSb_Wctomb      0x08001ed9   0x1a  Code  Gb  xencoding_sb.o [3]
_GenldFull              0x0800106b  0x24c  Code  Lc  xprintffull.o [3]
_IsdstStr               0x2000009c    0x4  Data  Gb  setlocale.o [3]
_LdtobFull              0x08000c69  0x3fc  Code  Lc  xprintffull.o [3]
_LitobFull              0x08000b61  0x106  Code  Lc  xprintffull.o [3]
_LocaleEncoding         0x08001ec5    0xe  Code  Gb  setlocale.o [3]
_LocaleReturnString     0x200000bc   0x50  Data  Lc  setlocale.o [3]
_Locale_Profile         0x200000a0   0x1c  Data  Gb  setlocale.o [3]
_Locale_aeabi_lconv     0x20000060   0x38  Data  Gb  localeconv.o [3]
_Locale_lconv           0x20000010   0x50  Data  Gb  localeconv.o [3]
_Mbtowc                 0x080012ff   0x20  Code  Gb  xmbtowc.o [3]
_PrintfFull             0x08000199  0x638  Code  Gb  xprintffull.o [3]
_PutcharsFull           0x080012b7   0x2e  Code  Lc  xprintffull.o [3]
_PutstrFull             0x08000855  0x306  Code  Lc  xprintffull.o [3]
_SProut                 0x0800131f    0xa  Code  Gb  xsprout.o [3]
_TzoneStr               0x20000098    0x4  Data  Gb  setlocale.o [3]
_Wctomb                 0x0800148d   0x1a  Code  Gb  xwctomb.o [3]
__aeabi_cdcmple         0x080016d1         Code  Gb  DblCmpLe.o [4]
__aeabi_cdrcmple        0x08001701         Code  Gb  DblCmpGe.o [4]
__aeabi_d2iz            0x08001845         Code  Gb  DblToI32.o [4]
__aeabi_d2uiz           0x08001871         Code  Gb  DblToI32.o [4]
__aeabi_ddiv            0x08001bf1         Code  Gb  DblDiv.o [4]
__aeabi_dmul            0x08001a4d         Code  Gb  DblMul.o [4]
__aeabi_dsub            0x080018cd         Code  Gb  DblSub.o [4]
__aeabi_i2d             0x0800189d         Code  Gb  I32ToDbl.o [4]
__aeabi_ldiv0           0x08001f65         Code  Gb  I64DivZer.o [5]
__aeabi_ui2d            0x080018b1         Code  Gb  I32ToDbl.o [4]
__aeabi_uldivmod        0x080015a1         Code  Gb  I64DivMod.o [5]
__cmain                 0x08003ba9         Code  Gb  cmain.o [5]
__data_Aldata           0x20000824    0x8  Data  Gb  xxmemxmalloc.o [3]
__data_GetMemChunk      0x08001f39   0x2c  Code  Gb  xgetmemchunk.o [3]
__exit                  0x08003bd9   0x14  Code  Gb  exit.o [6]
__iar_Dnorm             0x0800168f   0x42  Code  Gb  xdnorm.o [4]
__iar_Dscale            0x08001731  0x114  Code  Gb  xdscale.o [4]
__iar_Locale_lconv_init
                        0x08001e49   0x3a  Code  Gb  localeconv.o [3]
__iar_Mbcurmax          0x080013d1    0xa  Code  Gb  xmbcurmax.o [3]
__iar_Memchr            0x08001379         Code  Gb  memchr.o [5]
__iar_Strchr            0x08001329         Code  Gb  strchr.o [5]
__iar_d2uiz             0x0800187d         Code  Gb  DblToI32.o [4]
__iar_dadd              0x08001f69         Code  Gb  DblAdd.o [4]
__iar_data_init3        0x08003b3d   0x28  Code  Gb  data_init.o [5]
__iar_dlib_perthread_access
                        0x0800203d    0x2  Code  Gb  xtls.o [3]
__iar_dsub              0x080018e1         Code  Gb  DblSub.o [4]
__iar_dsubStart         0x080018f3         Code  Gb  DblSub.o [4]
__iar_init_vfp          0x08003b65         Code  Gb  fpinit_M.o [4]
__iar_packbits_init_single3
                        0x08003ad1   0x38  Code  Gb  packbits_init_single.o [5]
__iar_program_start     0x08003bfd         Code  Gb  cstartup_M.o [5]
__iar_ui2d              0x080018b5         Code  Gb  I32ToDbl.o [4]
__iar_unaligned___aeabi_memcpy
                        0x080014a9         Code  Gb  ABImemcpy_unaligned.o [5]
__iar_unaligned___aeabi_memcpy4
                        0x080014c9         Code  Gb  ABImemcpy_unaligned.o [5]
__iar_unaligned___aeabi_memcpy8
                        0x080014c9         Code  Gb  ABImemcpy_unaligned.o [5]
__iar_zero_init3        0x08003a91   0x40  Code  Gb  zero_init3.o [5]
__low_level_init        0x08003bc3    0x4  Code  Gb  low_level_init.o [3]
__vector_table          0x08000000         Data  Gb  startup_stm32f411xe.o [1]
_call_main              0x08003bb5         Code  Gb  cmain.o [5]
_exit                   0x08003bcd         Code  Gb  cexit.o [5]
_main                   0x08003bbf         Code  Gb  cmain.o [5]
calculateCRC            0x080038a1   0x30  Code  Gb  crc.o [1]
charToInt               0x080039ff   0x30  Code  Gb  crc.o [1]
createModBusData        0x080036fd   0x60  Code  Gb  modbus.o [1]
div                     0x08001eb5    0xe  Code  Gb  div.o [3]
divideCRC               0x080038d1    0x8  Code  Gb  crc.o [1]
exit                    0x08003bc7    0x4  Code  Gb  exit.o [3]
free                    0x08001521   0x7a  Code  Gb  xxmemxfree.o [3]
functionCode            0x200007c0    0x4  Data  Gb  main.o [1]
hexStringCreation       0x080038d9   0x6a  Code  Gb  crc.o [1]
htim1                   0x200007e8   0x3c  Data  Gb  main.o [1]
huart1                  0x20000730   0x40  Data  Gb  main.o [1]
huart2                  0x20000780   0x40  Data  Gb  main.o [1]
intToHexChar            0x080039c7   0x38  Code  Gb  crc.o [1]
localeconv              0x08001e83   0x16  Code  Gb  localeconv.o [3]
main                    0x080027dd  0x2c8  Code  Gb  main.o [1]
malloc                  0x080013dd   0xac  Code  Gb  xxmemxmalloc.o [3]
memchr                  0x08001379         Code  Gb  memchr.o [5]
modbusData              0x200007d4    0x8  Data  Gb  main.o [1]
modbusResponse          0x20000710   0x14  Data  Gb  main.o [1]
raspData                0x20000724    0xc  Data  Gb  main.o [1]
raspDataControl         0x20000778    0x4  Data  Gb  main.o [1]
raspRet                 0x200007dc    0xc  Data  Gb  main.o [1]
readContol              0x20000774    0x4  Data  Gb  main.o [1]
readSingleRegister      0x08003775   0x16  Code  Gb  modbus.o [1]
resultValue             0x20000770    0x4  Data  Gb  main.o [1]
s                       0x200007c8    0x4  Data  Gb  main.o [1]
setTextFormat           0x08003943   0x7e  Code  Gb  crc.o [1]
sprintf                 0x080037c5   0x34  Code  Gb  sprintf.o [3]
storeLoc                0x200007d0    0x4  Data  Gb  main.o [1]
strchr                  0x08001329         Code  Gb  strchr.o [5]
strlen                  0x08001341         Code  Gb  strlen.o [5]
temp                    0x200007cc    0x4  Data  Gb  main.o [1]
uwTick                  0x20000004    0x4  Data  Gb  stm32f4xx_hal.o [1]
uwTickFreq              0x20000000    0x1  Data  Gb  stm32f4xx_hal.o [1]
uwTickPrio              0x20000008    0x4  Data  Gb  stm32f4xx_hal.o [1]
value                   0x200007c4    0x4  Data  Gb  main.o [1]
waitCounter             0x2000077c    0x4  Data  Gb  main.o [1]
writeSingleRegister     0x0800375d   0x18  Code  Gb  modbus.o [1]


[1] = D:\Documents\STM32F4 Projects\MRM4006_GraduatingProject\EWARM\MRM4006_GraduatingProject\Obj
[2] = command line
[3] = dl7M_tlf.a
[4] = m7M_tls.a
[5] = rt7M_tl.a
[6] = shb_l.a

  15 554 bytes of readonly  code memory
      65 bytes of readonly  data memory
   2 092 bytes of readwrite data memory

Errors: none
Warnings: none
