###############################################################################
#
# IAR ELF Linker V7.50.2.10312/W32 for ARM                30/Apr/2018  18:00:35
# Copyright 2007-2015 IAR Systems AB.
#
#    Output file  =  
#        D:\Documents\STM32F4
#        Projects\TimerForModBus\EWARM\TimerForModBus\Exe\TimerForModBus.out
#    Map file     =  
#        D:\Documents\STM32F4
#        Projects\TimerForModBus\EWARM\TimerForModBus\List\TimerForModBus.map
#    Command line =  
#        "D:\Documents\STM32F4
#        Projects\TimerForModBus\EWARM\TimerForModBus\Obj\main.o"
#        "D:\Documents\STM32F4
#        Projects\TimerForModBus\EWARM\TimerForModBus\Obj\startup_stm32f411xe.o"
#        "D:\Documents\STM32F4
#        Projects\TimerForModBus\EWARM\TimerForModBus\Obj\stm32f4xx_hal.o"
#        "D:\Documents\STM32F4
#        Projects\TimerForModBus\EWARM\TimerForModBus\Obj\stm32f4xx_hal_cortex.o"
#        "D:\Documents\STM32F4
#        Projects\TimerForModBus\EWARM\TimerForModBus\Obj\stm32f4xx_hal_dma.o"
#        "D:\Documents\STM32F4
#        Projects\TimerForModBus\EWARM\TimerForModBus\Obj\stm32f4xx_hal_dma_ex.o"
#        "D:\Documents\STM32F4
#        Projects\TimerForModBus\EWARM\TimerForModBus\Obj\stm32f4xx_hal_flash.o"
#        "D:\Documents\STM32F4
#        Projects\TimerForModBus\EWARM\TimerForModBus\Obj\stm32f4xx_hal_flash_ex.o"
#        "D:\Documents\STM32F4
#        Projects\TimerForModBus\EWARM\TimerForModBus\Obj\stm32f4xx_hal_flash_ramfunc.o"
#        "D:\Documents\STM32F4
#        Projects\TimerForModBus\EWARM\TimerForModBus\Obj\stm32f4xx_hal_gpio.o"
#        "D:\Documents\STM32F4
#        Projects\TimerForModBus\EWARM\TimerForModBus\Obj\stm32f4xx_hal_msp.o"
#        "D:\Documents\STM32F4
#        Projects\TimerForModBus\EWARM\TimerForModBus\Obj\stm32f4xx_hal_pwr.o"
#        "D:\Documents\STM32F4
#        Projects\TimerForModBus\EWARM\TimerForModBus\Obj\stm32f4xx_hal_pwr_ex.o"
#        "D:\Documents\STM32F4
#        Projects\TimerForModBus\EWARM\TimerForModBus\Obj\stm32f4xx_hal_rcc.o"
#        "D:\Documents\STM32F4
#        Projects\TimerForModBus\EWARM\TimerForModBus\Obj\stm32f4xx_hal_rcc_ex.o"
#        "D:\Documents\STM32F4
#        Projects\TimerForModBus\EWARM\TimerForModBus\Obj\stm32f4xx_hal_tim.o"
#        "D:\Documents\STM32F4
#        Projects\TimerForModBus\EWARM\TimerForModBus\Obj\stm32f4xx_hal_tim_ex.o"
#        "D:\Documents\STM32F4
#        Projects\TimerForModBus\EWARM\TimerForModBus\Obj\stm32f4xx_it.o"
#        "D:\Documents\STM32F4
#        Projects\TimerForModBus\EWARM\TimerForModBus\Obj\system_stm32f4xx.o"
#        --redirect _Printf=_PrintfFull --redirect _Scanf=_ScanfFull -o
#        "D:\Documents\STM32F4
#        Projects\TimerForModBus\EWARM\TimerForModBus\Exe\TimerForModBus.out"
#        --map "D:\Documents\STM32F4
#        Projects\TimerForModBus\EWARM\TimerForModBus\List\TimerForModBus.map"
#        --config "D:\Documents\STM32F4
#        Projects\TimerForModBus\EWARM/stm32f411xe_flash.icf" --semihosting
#        --entry __iar_program_start --vfe
#
###############################################################################

*******************************************************************************
*** RUNTIME MODEL ATTRIBUTES
***

CppFlavor       = *
__SystemLibrary = DLib


*******************************************************************************
*** PLACEMENT SUMMARY
***

"A1":  place at 0x08000000 { ro section .intvec };
"P1":  place in [from 0x08000000 to 0x0807ffff] { ro };
"P2":  place in [from 0x20000000 to 0x2001ffff] { rw, block CSTACK, block HEAP };

  Section            Kind        Address    Size  Object
  -------            ----        -------    ----  ------
"A1":                                      0x198
  .intvec            ro code  0x08000000   0x198  startup_stm32f411xe.o [1]
                            - 0x08000198   0x198

"P1":                                     0x10fd
  .text              ro code  0x08000198   0x430  stm32f4xx_hal_rcc.o [1]
  .text              ro code  0x080005c8    0xac  stm32f4xx_hal.o [1]
  .text              ro code  0x08000674    0xee  I64DivMod.o [5]
  .text              ro code  0x08000764    0xe2  stm32f4xx_hal_cortex.o [1]
  .text              ro code  0x08000848    0xa0  stm32f4xx_hal_msp.o [1]
  .text              ro code  0x080008e8     0x2  I64DivZer.o [5]
  .text              ro code  0x080008ec   0x37a  stm32f4xx_hal_tim.o [1]
  .text              ro code  0x08000c68   0x1ac  main.o [1]
  .text              ro code  0x08000e14    0x4e  stm32f4xx_hal_tim_ex.o [1]
  .text              ro code  0x08000e64   0x1c8  stm32f4xx_hal_gpio.o [1]
  .text              ro code  0x0800102c    0x60  system_stm32f4xx.o [1]
  .text              ro code  0x0800108c    0x38  packbits_init_single.o [5]
  .text              ro code  0x080010c4    0x28  stm32f4xx_it.o [1]
  .text              ro code  0x080010ec    0x28  data_init.o [5]
  .text              ro code  0x08001114    0x22  fpinit_M.o [4]
  .iar.init_table    const    0x08001138    0x10  - Linker created -
  .text              ro code  0x08001148    0x1a  cmain.o [5]
  .text              ro code  0x08001162     0x4  low_level_init.o [3]
  .text              ro code  0x08001166     0x4  exit.o [3]
  .text              ro code  0x0800116c     0xa  cexit.o [5]
  .text              ro code  0x08001178    0x14  exit.o [6]
  .text              ro code  0x0800118c    0x10  startup_stm32f411xe.o [1]
  .text              ro code  0x0800119c     0xc  cstartup_M.o [5]
  .text              ro code  0x080011a8     0x4  startup_stm32f411xe.o [1]
  .text              ro code  0x080011ac     0x4  startup_stm32f411xe.o [1]
  .text              ro code  0x080011b0     0x4  startup_stm32f411xe.o [1]
  .text              ro code  0x080011b4     0x4  startup_stm32f411xe.o [1]
  .text              ro code  0x080011b8     0x4  startup_stm32f411xe.o [1]
  .text              ro code  0x080011bc     0x4  startup_stm32f411xe.o [1]
  .text              ro code  0x080011c0     0x4  startup_stm32f411xe.o [1]
  .text              ro code  0x080011c4     0x4  startup_stm32f411xe.o [1]
  .text              ro code  0x080011c8     0x4  startup_stm32f411xe.o [1]
  .text              ro code  0x080011cc     0x4  startup_stm32f411xe.o [1]
  .text              ro code  0x080011d0     0x4  startup_stm32f411xe.o [1]
  .text              ro code  0x080011d4     0x4  startup_stm32f411xe.o [1]
  .text              ro code  0x080011d8     0x4  startup_stm32f411xe.o [1]
  .text              ro code  0x080011dc     0x4  startup_stm32f411xe.o [1]
  .text              ro code  0x080011e0     0x4  startup_stm32f411xe.o [1]
  .text              ro code  0x080011e4     0x4  startup_stm32f411xe.o [1]
  .text              ro code  0x080011e8     0x4  startup_stm32f411xe.o [1]
  .text              ro code  0x080011ec     0x4  startup_stm32f411xe.o [1]
  .text              ro code  0x080011f0     0x4  startup_stm32f411xe.o [1]
  .text              ro code  0x080011f4     0x4  startup_stm32f411xe.o [1]
  .text              ro code  0x080011f8     0x4  startup_stm32f411xe.o [1]
  .text              ro code  0x080011fc     0x4  startup_stm32f411xe.o [1]
  .text              ro code  0x08001200     0x4  startup_stm32f411xe.o [1]
  .text              ro code  0x08001204     0x4  startup_stm32f411xe.o [1]
  .text              ro code  0x08001208     0x4  startup_stm32f411xe.o [1]
  .text              ro code  0x0800120c     0x4  startup_stm32f411xe.o [1]
  .text              ro code  0x08001210     0x4  startup_stm32f411xe.o [1]
  .text              ro code  0x08001214     0x4  startup_stm32f411xe.o [1]
  .text              ro code  0x08001218     0x4  startup_stm32f411xe.o [1]
  .text              ro code  0x0800121c     0x4  startup_stm32f411xe.o [1]
  .text              ro code  0x08001220     0x4  startup_stm32f411xe.o [1]
  .text              ro code  0x08001224     0x4  startup_stm32f411xe.o [1]
  .text              ro code  0x08001228     0x4  startup_stm32f411xe.o [1]
  .text              ro code  0x0800122c     0x4  startup_stm32f411xe.o [1]
  .text              ro code  0x08001230     0x4  startup_stm32f411xe.o [1]
  .text              ro code  0x08001234     0x4  startup_stm32f411xe.o [1]
  .text              ro code  0x08001238     0x4  startup_stm32f411xe.o [1]
  .text              ro code  0x0800123c     0x4  startup_stm32f411xe.o [1]
  .text              ro code  0x08001240     0x4  startup_stm32f411xe.o [1]
  .text              ro code  0x08001244     0x4  startup_stm32f411xe.o [1]
  .text              ro code  0x08001248     0x4  startup_stm32f411xe.o [1]
  .text              ro code  0x0800124c     0x4  startup_stm32f411xe.o [1]
  .text              ro code  0x08001250     0x4  startup_stm32f411xe.o [1]
  .text              ro code  0x08001254     0x4  startup_stm32f411xe.o [1]
  .text              ro code  0x08001258     0x4  startup_stm32f411xe.o [1]
  .text              ro code  0x0800125c     0x4  startup_stm32f411xe.o [1]
  .text              ro code  0x08001260     0x4  startup_stm32f411xe.o [1]
  .text              ro code  0x08001264     0x4  startup_stm32f411xe.o [1]
  .text              ro code  0x08001268     0x4  startup_stm32f411xe.o [1]
  .text              ro code  0x0800126c     0x4  startup_stm32f411xe.o [1]
  .text              ro code  0x08001270     0x4  startup_stm32f411xe.o [1]
  .text              ro code  0x08001274     0x4  startup_stm32f411xe.o [1]
  .text              ro code  0x08001278     0x4  startup_stm32f411xe.o [1]
  .text              ro code  0x0800127c     0x4  startup_stm32f411xe.o [1]
  .text              ro code  0x08001280     0x4  startup_stm32f411xe.o [1]
  .text              ro code  0x08001284     0x4  startup_stm32f411xe.o [1]
  .rodata            const    0x08001288     0x0  packbits_init_single.o [5]
  Initializer bytes  const    0x08001288     0xd  <for P2-1>
                            - 0x08001295  0x10fd

"P2", part 1 of 2:                          0x50
  P2-1                        0x20000000    0x50  <Init block>
    .data            inited   0x20000000     0xc  stm32f4xx_hal.o [1]
    .data            inited   0x2000000c     0x4  system_stm32f4xx.o [1]
    .bss             inited   0x20000010    0x40  main.o [1]
                            - 0x20000050    0x50

"P2", part 2 of 2:                         0x400
  CSTACK                      0x20000050   0x400  <Block>
    CSTACK           uninit   0x20000050   0x400  <Block tail>
                            - 0x20000450   0x400


*******************************************************************************
*** INIT TABLE
***

          Address     Size
          -------     ----
Copy/packbits (__iar_packbits_init_single3)
    1 source range, total size 0xd (16% of destination):
          0x08001288   0xd
    1 destination range, total size 0x50:
          0x20000000  0x50



*******************************************************************************
*** MODULE SUMMARY
***

    Module                  ro code  ro data  rw data
    ------                  -------  -------  -------
D:\Documents\STM32F4 Projects\TimerForModBus\EWARM\TimerForModBus\Obj: [1]
    main.o                      428       11       64
    startup_stm32f411xe.o       648
    stm32f4xx_hal.o             172        1       12
    stm32f4xx_hal_cortex.o      226
    stm32f4xx_hal_gpio.o        456
    stm32f4xx_hal_msp.o         160
    stm32f4xx_hal_rcc.o       1 072
    stm32f4xx_hal_tim.o         890
    stm32f4xx_hal_tim_ex.o       78
    stm32f4xx_it.o               40
    system_stm32f4xx.o           96        1        4
    -------------------------------------------------
    Total:                    4 266       13       80

command line: [2]
    -------------------------------------------------
    Total:

dl7M_tlf.a: [3]
    exit.o                        4
    low_level_init.o              4
    -------------------------------------------------
    Total:                        8

m7M_tls.a: [4]
    fpinit_M.o                   34
    -------------------------------------------------
    Total:                       34

rt7M_tl.a: [5]
    I64DivMod.o                 238
    I64DivZer.o                   2
    cexit.o                      10
    cmain.o                      26
    cstartup_M.o                 12
    data_init.o                  40
    packbits_init_single.o       56
    -------------------------------------------------
    Total:                      384

shb_l.a: [6]
    exit.o                       20
    -------------------------------------------------
    Total:                       20

    Gaps                         14        2
    Linker created                        16    1 024
-----------------------------------------------------
    Grand Total:              4 726       31    1 104


*******************************************************************************
*** ENTRY LIST
***

Entry                      Address   Size  Type      Object
-----                      -------   ----  ----      ------
.iar.init_table$$Base   0x08001138          --   Gb  - Linker created -
.iar.init_table$$Limit  0x08001148          --   Gb  - Linker created -
?main                   0x08001149         Code  Gb  cmain.o [5]
AHBPrescTable           0x0800107c   0x10  Data  Gb  system_stm32f4xx.o [1]
BusFault_Handler        0x080010cb    0x2  Code  Gb  stm32f4xx_it.o [1]
CSTACK$$Base            0x20000050          --   Gb  - Linker created -
CSTACK$$Limit           0x20000450          --   Gb  - Linker created -
DebugMon_Handler        0x080010d1    0x2  Code  Gb  stm32f4xx_it.o [1]
HAL_Delay               0x08000645   0x22  Code  Wk  stm32f4xx_hal.o [1]
HAL_GPIO_Init           0x08000e65  0x198  Code  Gb  stm32f4xx_hal_gpio.o [1]
HAL_GPIO_TogglePin      0x08001005    0x8  Code  Gb  stm32f4xx_hal_gpio.o [1]
HAL_GPIO_WritePin       0x08000ffd    0x8  Code  Gb  stm32f4xx_hal_gpio.o [1]
HAL_GetTick             0x0800063f    0x6  Code  Wk  stm32f4xx_hal.o [1]
HAL_IncTick             0x08000631    0xe  Code  Wk  stm32f4xx_hal.o [1]
HAL_Init                0x080005c9   0x30  Code  Gb  stm32f4xx_hal.o [1]
HAL_InitTick            0x080005f9   0x38  Code  Wk  stm32f4xx_hal.o [1]
HAL_MspInit             0x08000849   0x60  Code  Gb  stm32f4xx_hal_msp.o [1]
HAL_NVIC_EnableIRQ      0x080007d3    0xc  Code  Gb  stm32f4xx_hal_cortex.o [1]
HAL_NVIC_SetPriority    0x08000799   0x3a  Code  Gb  stm32f4xx_hal_cortex.o [1]
HAL_NVIC_SetPriorityGrouping
                        0x0800077f   0x1a  Code  Gb  stm32f4xx_hal_cortex.o [1]
HAL_RCC_ClockConfig     0x08000447   0xfa  Code  Gb  stm32f4xx_hal_rcc.o [1]
HAL_RCC_GetHCLKFreq     0x08000599    0x6  Code  Gb  stm32f4xx_hal_rcc.o [1]
HAL_RCC_GetSysClockFreq
                        0x0800054d   0x4c  Code  Wk  stm32f4xx_hal_rcc.o [1]
HAL_RCC_OscConfig       0x08000199  0x2a6  Code  Wk  stm32f4xx_hal_rcc.o [1]
HAL_SYSTICK_CLKSourceConfig
                        0x0800080f   0x14  Code  Gb  stm32f4xx_hal_cortex.o [1]
HAL_SYSTICK_Callback    0x08000845    0x2  Code  Wk  stm32f4xx_hal_cortex.o [1]
HAL_SYSTICK_Config      0x080007e7   0x28  Code  Gb  stm32f4xx_hal_cortex.o [1]
HAL_SYSTICK_IRQHandler  0x0800083d    0x8  Code  Gb  stm32f4xx_hal_cortex.o [1]
HAL_TIMEx_BreakCallback
                        0x08000e61    0x2  Code  Wk  stm32f4xx_hal_tim_ex.o [1]
HAL_TIMEx_CommutationCallback
                        0x08000e5f    0x2  Code  Wk  stm32f4xx_hal_tim_ex.o [1]
HAL_TIMEx_MasterConfigSynchronization
                        0x08000e15   0x4a  Code  Gb  stm32f4xx_hal_tim_ex.o [1]
HAL_TIM_Base_Init       0x080008ed   0x1a  Code  Gb  stm32f4xx_hal_tim.o [1]
HAL_TIM_Base_MspInit    0x080008a9   0x38  Code  Gb  stm32f4xx_hal_msp.o [1]
HAL_TIM_Base_Start_IT   0x08000907   0x16  Code  Gb  stm32f4xx_hal_tim.o [1]
HAL_TIM_ConfigClockSource
                        0x08000a8d   0xa8  Code  Gb  stm32f4xx_hal_tim.o [1]
HAL_TIM_IC_CaptureCallback
                        0x08000b5f    0x2  Code  Wk  stm32f4xx_hal_tim.o [1]
HAL_TIM_IRQHandler      0x08000939  0x14a  Code  Gb  stm32f4xx_hal_tim.o [1]
HAL_TIM_OC_DelayElapsedCallback
                        0x08000b5d    0x2  Code  Wk  stm32f4xx_hal_tim.o [1]
HAL_TIM_PWM_PulseFinishedCallback
                        0x08000b61    0x2  Code  Wk  stm32f4xx_hal_tim.o [1]
HAL_TIM_PeriodElapsedCallback
                        0x08000ddd   0x20  Code  Gb  main.o [1]
HAL_TIM_TriggerCallback
                        0x08000b63    0x2  Code  Wk  stm32f4xx_hal_tim.o [1]
HardFault_Handler       0x080010c7    0x2  Code  Gb  stm32f4xx_it.o [1]
MX_TIM3_Init            0x08000d8f   0x4e  Code  Lc  main.o [1]
MemManage_Handler       0x080010c9    0x2  Code  Gb  stm32f4xx_it.o [1]
NMI_Handler             0x080010c5    0x2  Code  Gb  stm32f4xx_it.o [1]
NVIC_SetPriority        0x08000765   0x1a  Code  Lc  stm32f4xx_hal_cortex.o [1]
PendSV_Handler          0x080010d3    0x2  Code  Gb  stm32f4xx_it.o [1]
Region$$Table$$Base     0x08001138          --   Gb  - Linker created -
Region$$Table$$Limit    0x08001148          --   Gb  - Linker created -
SVC_Handler             0x080010cf    0x2  Code  Gb  stm32f4xx_it.o [1]
SysTick_Handler         0x080010d5    0xe  Code  Gb  stm32f4xx_it.o [1]
SystemClock_Config      0x08000d01   0x8e  Code  Gb  main.o [1]
SystemCoreClock         0x2000000c    0x4  Data  Gb  system_stm32f4xx.o [1]
SystemInit              0x0800102d   0x3a  Code  Gb  system_stm32f4xx.o [1]
TIM3_IRQHandler         0x080010e3    0x6  Code  Gb  stm32f4xx_it.o [1]
TIM_Base_SetConfig      0x08000b65   0x72  Code  Gb  stm32f4xx_hal_tim.o [1]
TIM_ETR_SetConfig       0x08000c53   0x14  Code  Lc  stm32f4xx_hal_tim.o [1]
TIM_ITRx_SetConfig      0x08000c43   0x10  Code  Lc  stm32f4xx_hal_tim.o [1]
TIM_TI1_ConfigInputStage
                        0x08000bfd   0x22  Code  Lc  stm32f4xx_hal_tim.o [1]
TIM_TI2_ConfigInputStage
                        0x08000c1f   0x24  Code  Lc  stm32f4xx_hal_tim.o [1]
UsageFault_Handler      0x080010cd    0x2  Code  Gb  stm32f4xx_it.o [1]
__aeabi_ldiv0           0x080008e9         Code  Gb  I64DivZer.o [5]
__aeabi_uldivmod        0x08000675         Code  Gb  I64DivMod.o [5]
__cmain                 0x08001149         Code  Gb  cmain.o [5]
__exit                  0x08001179   0x14  Code  Gb  exit.o [6]
__iar_data_init3        0x080010ed   0x28  Code  Gb  data_init.o [5]
__iar_init_vfp          0x08001115         Code  Gb  fpinit_M.o [4]
__iar_packbits_init_single3
                        0x0800108d   0x38  Code  Gb  packbits_init_single.o [5]
__iar_program_start     0x0800119d         Code  Gb  cstartup_M.o [5]
__low_level_init        0x08001163    0x4  Code  Gb  low_level_init.o [3]
__vector_table          0x08000000         Data  Gb  startup_stm32f411xe.o [1]
_call_main              0x08001155         Code  Gb  cmain.o [5]
_exit                   0x0800116d         Code  Gb  cexit.o [5]
_main                   0x0800115f         Code  Gb  cmain.o [5]
exit                    0x08001167    0x4  Code  Gb  exit.o [3]
htim3                   0x20000010   0x3c  Data  Gb  main.o [1]
main                    0x08000c69   0x8e  Code  Gb  main.o [1]
timerStart              0x2000004c    0x4  Data  Gb  main.o [1]
uwTick                  0x20000004    0x4  Data  Gb  stm32f4xx_hal.o [1]
uwTickFreq              0x20000000    0x1  Data  Gb  stm32f4xx_hal.o [1]
uwTickPrio              0x20000008    0x4  Data  Gb  stm32f4xx_hal.o [1]


[1] = D:\Documents\STM32F4 Projects\TimerForModBus\EWARM\TimerForModBus\Obj
[2] = command line
[3] = dl7M_tlf.a
[4] = m7M_tls.a
[5] = rt7M_tl.a
[6] = shb_l.a

  4 726 bytes of readonly  code memory
     31 bytes of readonly  data memory
  1 104 bytes of readwrite data memory

Errors: none
Warnings: none
